to
ken
izekk
tokenizer
to
ken
izekk
to
izekk
izek
pen
izekk
