with
probability
sentence
a
and
sentence
b
correspond
to
two
consecutive
sentences
in
the
original
corpus
and
in
the
other
cases
it
s
another
random
sentence
in
the
corpus
note
that
what
is
considered
a
sentence
here
is
a
consecutive
span
of
text
usually
longer
than
a
single
sentence
the
only
unk
is
that
the
result
with
the
two
sentences
has
a
combined
length
of
less
than
tok
ens
